[    4620ms] [WARNING] Unrecognized feature: 'ambient-light-sensor'. @ https://dashboard-ana.streamlit.app/-/build/assets/index-BCOs3Liy.js:33
[    4620ms] [WARNING] Unrecognized feature: 'battery'. @ https://dashboard-ana.streamlit.app/-/build/assets/index-BCOs3Liy.js:33
[    4620ms] [WARNING] Unrecognized feature: 'document-domain'. @ https://dashboard-ana.streamlit.app/-/build/assets/index-BCOs3Liy.js:33
[    4620ms] [WARNING] Unrecognized feature: 'layout-animations'. @ https://dashboard-ana.streamlit.app/-/build/assets/index-BCOs3Liy.js:33
[    4620ms] [WARNING] Unrecognized feature: 'legacy-image-formats'. @ https://dashboard-ana.streamlit.app/-/build/assets/index-BCOs3Liy.js:33
[    4620ms] [WARNING] Unrecognized feature: 'oversized-images'. @ https://dashboard-ana.streamlit.app/-/build/assets/index-BCOs3Liy.js:33
[    4620ms] [WARNING] Unrecognized feature: 'vr'. @ https://dashboard-ana.streamlit.app/-/build/assets/index-BCOs3Liy.js:33
[    4620ms] [WARNING] Unrecognized feature: 'wake-lock'. @ https://dashboard-ana.streamlit.app/-/build/assets/index-BCOs3Liy.js:33
[    4924ms] [WARNING] An iframe which has both allow-scripts and allow-same-origin for its sandbox attribute can escape its sandboxing. @ https://dashboard-ana.streamlit.app/~/+/:0
[   66087ms] [WARNING] Invalid color passed for widgetBackgroundColor in theme.sidebar: "" @ https://dashboard-ana.streamlit.app/~/+/static/js/index.Drusyo5m.js:49
[   66087ms] [WARNING] Invalid color passed for widgetBorderColor in theme.sidebar: "" @ https://dashboard-ana.streamlit.app/~/+/static/js/index.Drusyo5m.js:49
[   66087ms] [WARNING] Invalid color passed for skeletonBackgroundColor in theme.sidebar: "" @ https://dashboard-ana.streamlit.app/~/+/static/js/index.Drusyo5m.js:49
[   66127ms] [WARNING] Invalid color passed for widgetBackgroundColor in theme.sidebar: "" @ https://dashboard-ana.streamlit.app/~/+/static/js/index.Drusyo5m.js:49
[   66127ms] [WARNING] Invalid color passed for widgetBorderColor in theme.sidebar: "" @ https://dashboard-ana.streamlit.app/~/+/static/js/index.Drusyo5m.js:49
[   66128ms] [WARNING] Invalid color passed for skeletonBackgroundColor in theme.sidebar: "" @ https://dashboard-ana.streamlit.app/~/+/static/js/index.Drusyo5m.js:49
[   66402ms] [WARNING] Invalid color passed for widgetBackgroundColor in theme.sidebar: "" @ https://dashboard-ana.streamlit.app/~/+/static/js/index.Drusyo5m.js:49
[   66402ms] [WARNING] Invalid color passed for widgetBorderColor in theme.sidebar: "" @ https://dashboard-ana.streamlit.app/~/+/static/js/index.Drusyo5m.js:49
[   66402ms] [WARNING] Invalid color passed for skeletonBackgroundColor in theme.sidebar: "" @ https://dashboard-ana.streamlit.app/~/+/static/js/index.Drusyo5m.js:49
[   66437ms] [WARNING] Invalid color passed for widgetBackgroundColor in theme.sidebar: "" @ https://dashboard-ana.streamlit.app/~/+/static/js/index.Drusyo5m.js:49
[   66437ms] [WARNING] Invalid color passed for widgetBorderColor in theme.sidebar: "" @ https://dashboard-ana.streamlit.app/~/+/static/js/index.Drusyo5m.js:49
[   66438ms] [WARNING] Invalid color passed for skeletonBackgroundColor in theme.sidebar: "" @ https://dashboard-ana.streamlit.app/~/+/static/js/index.Drusyo5m.js:49
[   66465ms] [WARNING] Invalid color passed for widgetBackgroundColor in theme.sidebar: "" @ https://dashboard-ana.streamlit.app/~/+/static/js/index.Drusyo5m.js:49
[   66465ms] [WARNING] Invalid color passed for widgetBorderColor in theme.sidebar: "" @ https://dashboard-ana.streamlit.app/~/+/static/js/index.Drusyo5m.js:49
[   66465ms] [WARNING] Invalid color passed for skeletonBackgroundColor in theme.sidebar: "" @ https://dashboard-ana.streamlit.app/~/+/static/js/index.Drusyo5m.js:49
[   66486ms] [WARNING] Invalid color passed for widgetBackgroundColor in theme.sidebar: "" @ https://dashboard-ana.streamlit.app/~/+/static/js/index.Drusyo5m.js:49
[   66486ms] [WARNING] Invalid color passed for widgetBorderColor in theme.sidebar: "" @ https://dashboard-ana.streamlit.app/~/+/static/js/index.Drusyo5m.js:49
[   66486ms] [WARNING] Invalid color passed for skeletonBackgroundColor in theme.sidebar: "" @ https://dashboard-ana.streamlit.app/~/+/static/js/index.Drusyo5m.js:49
[   66533ms] [WARNING] Invalid color passed for widgetBackgroundColor in theme.sidebar: "" @ https://dashboard-ana.streamlit.app/~/+/static/js/index.Drusyo5m.js:49
[   66533ms] [WARNING] Invalid color passed for widgetBorderColor in theme.sidebar: "" @ https://dashboard-ana.streamlit.app/~/+/static/js/index.Drusyo5m.js:49
[   66533ms] [WARNING] Invalid color passed for skeletonBackgroundColor in theme.sidebar: "" @ https://dashboard-ana.streamlit.app/~/+/static/js/index.Drusyo5m.js:49
[   66559ms] [WARNING] Invalid color passed for widgetBackgroundColor in theme.sidebar: "" @ https://dashboard-ana.streamlit.app/~/+/static/js/index.Drusyo5m.js:49
[   66559ms] [WARNING] Invalid color passed for widgetBorderColor in theme.sidebar: "" @ https://dashboard-ana.streamlit.app/~/+/static/js/index.Drusyo5m.js:49
[   66559ms] [WARNING] Invalid color passed for skeletonBackgroundColor in theme.sidebar: "" @ https://dashboard-ana.streamlit.app/~/+/static/js/index.Drusyo5m.js:49
[   66589ms] [WARNING] Invalid color passed for widgetBackgroundColor in theme.sidebar: "" @ https://dashboard-ana.streamlit.app/~/+/static/js/index.Drusyo5m.js:49
[   66589ms] [WARNING] Invalid color passed for widgetBorderColor in theme.sidebar: "" @ https://dashboard-ana.streamlit.app/~/+/static/js/index.Drusyo5m.js:49
[   66589ms] [WARNING] Invalid color passed for skeletonBackgroundColor in theme.sidebar: "" @ https://dashboard-ana.streamlit.app/~/+/static/js/index.Drusyo5m.js:49
[   66610ms] [WARNING] Invalid color passed for widgetBackgroundColor in theme.sidebar: "" @ https://dashboard-ana.streamlit.app/~/+/static/js/index.Drusyo5m.js:49
[   66610ms] [WARNING] Invalid color passed for widgetBorderColor in theme.sidebar: "" @ https://dashboard-ana.streamlit.app/~/+/static/js/index.Drusyo5m.js:49
[   66610ms] [WARNING] Invalid color passed for skeletonBackgroundColor in theme.sidebar: "" @ https://dashboard-ana.streamlit.app/~/+/static/js/index.Drusyo5m.js:49
[   66762ms] [WARNING] Invalid color passed for widgetBackgroundColor in theme.sidebar: "" @ https://dashboard-ana.streamlit.app/~/+/static/js/index.Drusyo5m.js:49
[   66762ms] [WARNING] Invalid color passed for widgetBorderColor in theme.sidebar: "" @ https://dashboard-ana.streamlit.app/~/+/static/js/index.Drusyo5m.js:49
[   66762ms] [WARNING] Invalid color passed for skeletonBackgroundColor in theme.sidebar: "" @ https://dashboard-ana.streamlit.app/~/+/static/js/index.Drusyo5m.js:49
[   66783ms] [WARNING] Invalid color passed for widgetBackgroundColor in theme.sidebar: "" @ https://dashboard-ana.streamlit.app/~/+/static/js/index.Drusyo5m.js:49
[   66783ms] [WARNING] Invalid color passed for widgetBorderColor in theme.sidebar: "" @ https://dashboard-ana.streamlit.app/~/+/static/js/index.Drusyo5m.js:49
[   66783ms] [WARNING] Invalid color passed for skeletonBackgroundColor in theme.sidebar: "" @ https://dashboard-ana.streamlit.app/~/+/static/js/index.Drusyo5m.js:49
[   66808ms] [WARNING] Invalid color passed for widgetBackgroundColor in theme.sidebar: "" @ https://dashboard-ana.streamlit.app/~/+/static/js/index.Drusyo5m.js:49
[   66809ms] [WARNING] Invalid color passed for widgetBorderColor in theme.sidebar: "" @ https://dashboard-ana.streamlit.app/~/+/static/js/index.Drusyo5m.js:49
[   66809ms] [WARNING] Invalid color passed for skeletonBackgroundColor in theme.sidebar: "" @ https://dashboard-ana.streamlit.app/~/+/static/js/index.Drusyo5m.js:49
[   66833ms] [WARNING] Invalid color passed for widgetBackgroundColor in theme.sidebar: "" @ https://dashboard-ana.streamlit.app/~/+/static/js/index.Drusyo5m.js:49
[   66833ms] [WARNING] Invalid color passed for widgetBorderColor in theme.sidebar: "" @ https://dashboard-ana.streamlit.app/~/+/static/js/index.Drusyo5m.js:49
[   66833ms] [WARNING] Invalid color passed for skeletonBackgroundColor in theme.sidebar: "" @ https://dashboard-ana.streamlit.app/~/+/static/js/index.Drusyo5m.js:49
[   66873ms] [WARNING] Invalid color passed for widgetBackgroundColor in theme.sidebar: "" @ https://dashboard-ana.streamlit.app/~/+/static/js/index.Drusyo5m.js:49
[   66873ms] [WARNING] Invalid color passed for widgetBorderColor in theme.sidebar: "" @ https://dashboard-ana.streamlit.app/~/+/static/js/index.Drusyo5m.js:49
[   66873ms] [WARNING] Invalid color passed for skeletonBackgroundColor in theme.sidebar: "" @ https://dashboard-ana.streamlit.app/~/+/static/js/index.Drusyo5m.js:49
[   66901ms] [WARNING] Invalid color passed for widgetBackgroundColor in theme.sidebar: "" @ https://dashboard-ana.streamlit.app/~/+/static/js/index.Drusyo5m.js:49
[   66901ms] [WARNING] Invalid color passed for widgetBorderColor in theme.sidebar: "" @ https://dashboard-ana.streamlit.app/~/+/static/js/index.Drusyo5m.js:49
[   66901ms] [WARNING] Invalid color passed for skeletonBackgroundColor in theme.sidebar: "" @ https://dashboard-ana.streamlit.app/~/+/static/js/index.Drusyo5m.js:49
[   66946ms] [WARNING] Invalid color passed for widgetBackgroundColor in theme.sidebar: "" @ https://dashboard-ana.streamlit.app/~/+/static/js/index.Drusyo5m.js:49
[   66946ms] [WARNING] Invalid color passed for widgetBorderColor in theme.sidebar: "" @ https://dashboard-ana.streamlit.app/~/+/static/js/index.Drusyo5m.js:49
[   66946ms] [WARNING] Invalid color passed for skeletonBackgroundColor in theme.sidebar: "" @ https://dashboard-ana.streamlit.app/~/+/static/js/index.Drusyo5m.js:49
[   67065ms] [WARNING] Invalid color passed for widgetBackgroundColor in theme.sidebar: "" @ https://dashboard-ana.streamlit.app/~/+/static/js/index.Drusyo5m.js:49
[   67065ms] [WARNING] Invalid color passed for widgetBorderColor in theme.sidebar: "" @ https://dashboard-ana.streamlit.app/~/+/static/js/index.Drusyo5m.js:49
[   67065ms] [WARNING] Invalid color passed for skeletonBackgroundColor in theme.sidebar: "" @ https://dashboard-ana.streamlit.app/~/+/static/js/index.Drusyo5m.js:49
[   67221ms] [WARNING] Invalid color passed for widgetBackgroundColor in theme.sidebar: "" @ https://dashboard-ana.streamlit.app/~/+/static/js/index.Drusyo5m.js:49
[   67221ms] [WARNING] Invalid color passed for widgetBorderColor in theme.sidebar: "" @ https://dashboard-ana.streamlit.app/~/+/static/js/index.Drusyo5m.js:49
[   67221ms] [WARNING] Invalid color passed for skeletonBackgroundColor in theme.sidebar: "" @ https://dashboard-ana.streamlit.app/~/+/static/js/index.Drusyo5m.js:49
[   67412ms] [WARNING] Invalid color passed for widgetBackgroundColor in theme.sidebar: "" @ https://dashboard-ana.streamlit.app/~/+/static/js/index.Drusyo5m.js:49
[   67413ms] [WARNING] Invalid color passed for widgetBorderColor in theme.sidebar: "" @ https://dashboard-ana.streamlit.app/~/+/static/js/index.Drusyo5m.js:49
[   67413ms] [WARNING] Invalid color passed for skeletonBackgroundColor in theme.sidebar: "" @ https://dashboard-ana.streamlit.app/~/+/static/js/index.Drusyo5m.js:49
