[    4864ms] [WARNING] Unrecognized feature: 'ambient-light-sensor'. @ https://dashboard-ana.streamlit.app/-/build/assets/index-BCOs3Liy.js:33
[    4864ms] [WARNING] Unrecognized feature: 'battery'. @ https://dashboard-ana.streamlit.app/-/build/assets/index-BCOs3Liy.js:33
[    4864ms] [WARNING] Unrecognized feature: 'document-domain'. @ https://dashboard-ana.streamlit.app/-/build/assets/index-BCOs3Liy.js:33
[    4864ms] [WARNING] Unrecognized feature: 'layout-animations'. @ https://dashboard-ana.streamlit.app/-/build/assets/index-BCOs3Liy.js:33
[    4864ms] [WARNING] Unrecognized feature: 'legacy-image-formats'. @ https://dashboard-ana.streamlit.app/-/build/assets/index-BCOs3Liy.js:33
[    4864ms] [WARNING] Unrecognized feature: 'oversized-images'. @ https://dashboard-ana.streamlit.app/-/build/assets/index-BCOs3Liy.js:33
[    4864ms] [WARNING] Unrecognized feature: 'vr'. @ https://dashboard-ana.streamlit.app/-/build/assets/index-BCOs3Liy.js:33
[    4864ms] [WARNING] Unrecognized feature: 'wake-lock'. @ https://dashboard-ana.streamlit.app/-/build/assets/index-BCOs3Liy.js:33
[    5154ms] [WARNING] An iframe which has both allow-scripts and allow-same-origin for its sandbox attribute can escape its sandboxing. @ https://dashboard-ana.streamlit.app/~/+/:0
[   85069ms] [WARNING] Invalid color passed for widgetBackgroundColor in theme.sidebar: "" @ https://dashboard-ana.streamlit.app/~/+/static/js/index.Drusyo5m.js:49
[   85069ms] [WARNING] Invalid color passed for widgetBorderColor in theme.sidebar: "" @ https://dashboard-ana.streamlit.app/~/+/static/js/index.Drusyo5m.js:49
[   85069ms] [WARNING] Invalid color passed for skeletonBackgroundColor in theme.sidebar: "" @ https://dashboard-ana.streamlit.app/~/+/static/js/index.Drusyo5m.js:49
[   85105ms] [WARNING] Invalid color passed for widgetBackgroundColor in theme.sidebar: "" @ https://dashboard-ana.streamlit.app/~/+/static/js/index.Drusyo5m.js:49
[   85105ms] [WARNING] Invalid color passed for widgetBorderColor in theme.sidebar: "" @ https://dashboard-ana.streamlit.app/~/+/static/js/index.Drusyo5m.js:49
[   85105ms] [WARNING] Invalid color passed for skeletonBackgroundColor in theme.sidebar: "" @ https://dashboard-ana.streamlit.app/~/+/static/js/index.Drusyo5m.js:49
[   85138ms] [WARNING] Invalid color passed for widgetBackgroundColor in theme.sidebar: "" @ https://dashboard-ana.streamlit.app/~/+/static/js/index.Drusyo5m.js:49
[   85138ms] [WARNING] Invalid color passed for widgetBorderColor in theme.sidebar: "" @ https://dashboard-ana.streamlit.app/~/+/static/js/index.Drusyo5m.js:49
[   85138ms] [WARNING] Invalid color passed for skeletonBackgroundColor in theme.sidebar: "" @ https://dashboard-ana.streamlit.app/~/+/static/js/index.Drusyo5m.js:49
[   85152ms] [WARNING] Invalid color passed for widgetBackgroundColor in theme.sidebar: "" @ https://dashboard-ana.streamlit.app/~/+/static/js/index.Drusyo5m.js:49
[   85153ms] [WARNING] Invalid color passed for widgetBorderColor in theme.sidebar: "" @ https://dashboard-ana.streamlit.app/~/+/static/js/index.Drusyo5m.js:49
[   85153ms] [WARNING] Invalid color passed for skeletonBackgroundColor in theme.sidebar: "" @ https://dashboard-ana.streamlit.app/~/+/static/js/index.Drusyo5m.js:49
[   85177ms] [WARNING] Invalid color passed for widgetBackgroundColor in theme.sidebar: "" @ https://dashboard-ana.streamlit.app/~/+/static/js/index.Drusyo5m.js:49
[   85178ms] [WARNING] Invalid color passed for widgetBorderColor in theme.sidebar: "" @ https://dashboard-ana.streamlit.app/~/+/static/js/index.Drusyo5m.js:49
[   85178ms] [WARNING] Invalid color passed for skeletonBackgroundColor in theme.sidebar: "" @ https://dashboard-ana.streamlit.app/~/+/static/js/index.Drusyo5m.js:49
[   85209ms] [WARNING] Invalid color passed for widgetBackgroundColor in theme.sidebar: "" @ https://dashboard-ana.streamlit.app/~/+/static/js/index.Drusyo5m.js:49
[   85209ms] [WARNING] Invalid color passed for widgetBorderColor in theme.sidebar: "" @ https://dashboard-ana.streamlit.app/~/+/static/js/index.Drusyo5m.js:49
[   85209ms] [WARNING] Invalid color passed for skeletonBackgroundColor in theme.sidebar: "" @ https://dashboard-ana.streamlit.app/~/+/static/js/index.Drusyo5m.js:49
[   85238ms] [WARNING] Invalid color passed for widgetBackgroundColor in theme.sidebar: "" @ https://dashboard-ana.streamlit.app/~/+/static/js/index.Drusyo5m.js:49
[   85238ms] [WARNING] Invalid color passed for widgetBorderColor in theme.sidebar: "" @ https://dashboard-ana.streamlit.app/~/+/static/js/index.Drusyo5m.js:49
[   85238ms] [WARNING] Invalid color passed for skeletonBackgroundColor in theme.sidebar: "" @ https://dashboard-ana.streamlit.app/~/+/static/js/index.Drusyo5m.js:49
[   85256ms] [WARNING] Invalid color passed for widgetBackgroundColor in theme.sidebar: "" @ https://dashboard-ana.streamlit.app/~/+/static/js/index.Drusyo5m.js:49
[   85256ms] [WARNING] Invalid color passed for widgetBorderColor in theme.sidebar: "" @ https://dashboard-ana.streamlit.app/~/+/static/js/index.Drusyo5m.js:49
[   85256ms] [WARNING] Invalid color passed for skeletonBackgroundColor in theme.sidebar: "" @ https://dashboard-ana.streamlit.app/~/+/static/js/index.Drusyo5m.js:49
[   85310ms] [WARNING] Invalid color passed for widgetBackgroundColor in theme.sidebar: "" @ https://dashboard-ana.streamlit.app/~/+/static/js/index.Drusyo5m.js:49
[   85310ms] [WARNING] Invalid color passed for widgetBorderColor in theme.sidebar: "" @ https://dashboard-ana.streamlit.app/~/+/static/js/index.Drusyo5m.js:49
[   85310ms] [WARNING] Invalid color passed for skeletonBackgroundColor in theme.sidebar: "" @ https://dashboard-ana.streamlit.app/~/+/static/js/index.Drusyo5m.js:49
[   85403ms] [WARNING] Invalid color passed for widgetBackgroundColor in theme.sidebar: "" @ https://dashboard-ana.streamlit.app/~/+/static/js/index.Drusyo5m.js:49
[   85403ms] [WARNING] Invalid color passed for widgetBorderColor in theme.sidebar: "" @ https://dashboard-ana.streamlit.app/~/+/static/js/index.Drusyo5m.js:49
[   85403ms] [WARNING] Invalid color passed for skeletonBackgroundColor in theme.sidebar: "" @ https://dashboard-ana.streamlit.app/~/+/static/js/index.Drusyo5m.js:49
[   85421ms] [WARNING] Invalid color passed for widgetBackgroundColor in theme.sidebar: "" @ https://dashboard-ana.streamlit.app/~/+/static/js/index.Drusyo5m.js:49
[   85421ms] [WARNING] Invalid color passed for widgetBorderColor in theme.sidebar: "" @ https://dashboard-ana.streamlit.app/~/+/static/js/index.Drusyo5m.js:49
[   85421ms] [WARNING] Invalid color passed for skeletonBackgroundColor in theme.sidebar: "" @ https://dashboard-ana.streamlit.app/~/+/static/js/index.Drusyo5m.js:49
[   85474ms] [WARNING] Invalid color passed for widgetBackgroundColor in theme.sidebar: "" @ https://dashboard-ana.streamlit.app/~/+/static/js/index.Drusyo5m.js:49
[   85475ms] [WARNING] Invalid color passed for widgetBorderColor in theme.sidebar: "" @ https://dashboard-ana.streamlit.app/~/+/static/js/index.Drusyo5m.js:49
[   85475ms] [WARNING] Invalid color passed for skeletonBackgroundColor in theme.sidebar: "" @ https://dashboard-ana.streamlit.app/~/+/static/js/index.Drusyo5m.js:49
[   85564ms] [WARNING] Invalid color passed for widgetBackgroundColor in theme.sidebar: "" @ https://dashboard-ana.streamlit.app/~/+/static/js/index.Drusyo5m.js:49
[   85564ms] [WARNING] Invalid color passed for widgetBorderColor in theme.sidebar: "" @ https://dashboard-ana.streamlit.app/~/+/static/js/index.Drusyo5m.js:49
[   85564ms] [WARNING] Invalid color passed for skeletonBackgroundColor in theme.sidebar: "" @ https://dashboard-ana.streamlit.app/~/+/static/js/index.Drusyo5m.js:49
[   85887ms] [WARNING] Invalid color passed for widgetBackgroundColor in theme.sidebar: "" @ https://dashboard-ana.streamlit.app/~/+/static/js/index.Drusyo5m.js:49
[   85887ms] [WARNING] Invalid color passed for widgetBorderColor in theme.sidebar: "" @ https://dashboard-ana.streamlit.app/~/+/static/js/index.Drusyo5m.js:49
[   85887ms] [WARNING] Invalid color passed for skeletonBackgroundColor in theme.sidebar: "" @ https://dashboard-ana.streamlit.app/~/+/static/js/index.Drusyo5m.js:49
[  278706ms] [WARNING] Invalid color passed for widgetBackgroundColor in theme.sidebar: "" @ https://dashboard-ana.streamlit.app/~/+/static/js/index.Drusyo5m.js:49
[  278707ms] [WARNING] Invalid color passed for widgetBorderColor in theme.sidebar: "" @ https://dashboard-ana.streamlit.app/~/+/static/js/index.Drusyo5m.js:49
[  278707ms] [WARNING] Invalid color passed for skeletonBackgroundColor in theme.sidebar: "" @ https://dashboard-ana.streamlit.app/~/+/static/js/index.Drusyo5m.js:49
